<h2>About</h2>
<p>⚙️
Convert HTML to Markdown. Even works with whole websites.</p>
<h3>Topics</h3>
<p><a href="http://example.com/topics/go" title="Topic: go">go</a> <a href="http://example.com/topics/golang" title="Topic: golang">golang</a> <a href="http://example.com/topics/html" title="Topic: html">html</a> <a href="http://example.com/topics/html-to-markdown" title="Topic: html-to-markdown">html-to-markdown</a> <a href="http://example.com/topics/markdown" title="Topic: markdown">markdown</a></p>
<h3>Resources</h3>
<p><a href="http://example.com#readme">Readme</a></p>
<h3>License</h3>
<p><a href="http://example.com/tomkosm/html-to-markdown/blob/master/LICENSE">MIT License</a></p>
