## About

⚙️
Convert HTML to Markdown. Even works with whole websites.

### Topics

[go](http://example.com/topics/go "Topic: go") [golang](http://example.com/topics/golang "Topic: golang") [html](http://example.com/topics/html "Topic: html") [html-to-markdown](http://example.com/topics/html-to-markdown "Topic: html-to-markdown") [markdown](http://example.com/topics/markdown "Topic: markdown")

### Resources

[Readme](http://example.com#readme)

### License

[MIT License](http://example.com/tomkosm/html-to-markdown/blob/master/LICENSE)